../Core/Src/main.c:116:5:main	128	static
../Core/Src/main.c:210:6:SystemClock_Config	96	static
../Core/Src/main.c:263:13:MX_I2C1_Init	8	static
../Core/Src/main.c:311:13:MX_LPUART1_UART_Init	8	static
../Core/Src/main.c:359:13:MX_SPI1_Init	8	static
../Core/Src/main.c:399:13:MX_TIM2_Init	40	static
../Core/Src/main.c:444:13:MX_TIM4_Init	40	static
../Core/Src/main.c:489:13:MX_GPIO_Init	64	static
../Core/Src/main.c:684:1:__io_putchar	16	static
../Core/Src/main.c:696:6:Error_Handler	4	static,ignoring_inline_asm
