../Core/Src/main.c:121:5:main	128	static
../Core/Src/main.c:217:6:SystemClock_Config	96	static
../Core/Src/main.c:270:13:MX_I2C1_Init	8	static
../Core/Src/main.c:318:13:MX_LPUART1_UART_Init	8	static
../Core/Src/main.c:366:13:MX_SPI1_Init	8	static
../Core/Src/main.c:406:13:MX_TIM2_Init	40	static
../Core/Src/main.c:451:13:MX_TIM4_Init	40	static
../Core/Src/main.c:496:13:MX_TIM5_Init	40	static
../Core/Src/main.c:541:13:MX_GPIO_Init	64	static
../Core/Src/main.c:746:1:__io_putchar	16	static
../Core/Src/main.c:758:6:Error_Handler	4	static,ignoring_inline_asm
