Archive member included to satisfy reference by file (symbol)

c:/st/stm32cubeide_1.8.0/stm32cubeide/plugins/com.st.stm32cube.ide.mcu.externaltools.gnu-tools-for-stm32.9-2020-q2-update.win32_2.0.0.202105311346/tools/bin/../lib/gcc/arm-none-eabi/9.3.1/../../../../arm-none-eabi/lib/thumb/v7e-m+fp/hard\libc_nano.a(lib_a-errno.o)
                              ./Core/Src/syscalls.o (__errno)
c:/st/stm32cubeide_1.8.0/stm32cubeide/plugins/com.st.stm32cube.ide.mcu.externaltools.gnu-tools-for-stm32.9-2020-q2-update.win32_2.0.0.202105311346/tools/bin/../lib/gcc/arm-none-eabi/9.3.1/../../../../arm-none-eabi/lib/thumb/v7e-m+fp/hard\libc_nano.a(lib_a-exit.o)
                              c:/st/stm32cubeide_1.8.0/stm32cubeide/plugins/com.st.stm32cube.ide.mcu.externaltools.gnu-tools-for-stm32.9-2020-q2-update.win32_2.0.0.202105311346/tools/bin/../lib/gcc/arm-none-eabi/9.3.1/../../../../arm-none-eabi/lib/thumb/v7e-m+fp/hard/crt0.o (exit)
c:/st/stm32cubeide_1.8.0/stm32cubeide/plugins/com.st.stm32cube.ide.mcu.externaltools.gnu-tools-for-stm32.9-2020-q2-update.win32_2.0.0.202105311346/tools/bin/../lib/gcc/arm-none-eabi/9.3.1/../../../../arm-none-eabi/lib/thumb/v7e-m+fp/hard\libc_nano.a(lib_a-impure.o)
                              c:/st/stm32cubeide_1.8.0/stm32cubeide/plugins/com.st.stm32cube.ide.mcu.externaltools.gnu-tools-for-stm32.9-2020-q2-update.win32_2.0.0.202105311346/tools/bin/../lib/gcc/arm-none-eabi/9.3.1/../../../../arm-none-eabi/lib/thumb/v7e-m+fp/hard\libc_nano.a(lib_a-exit.o) (_global_impure_ptr)
c:/st/stm32cubeide_1.8.0/stm32cubeide/plugins/com.st.stm32cube.ide.mcu.externaltools.gnu-tools-for-stm32.9-2020-q2-update.win32_2.0.0.202105311346/tools/bin/../lib/gcc/arm-none-eabi/9.3.1/../../../../arm-none-eabi/lib/thumb/v7e-m+fp/hard\libc_nano.a(lib_a-init.o)
                              c:/st/stm32cubeide_1.8.0/stm32cubeide/plugins/com.st.stm32cube.ide.mcu.externaltools.gnu-tools-for-stm32.9-2020-q2-update.win32_2.0.0.202105311346/tools/bin/../lib/gcc/arm-none-eabi/9.3.1/../../../../arm-none-eabi/lib/thumb/v7e-m+fp/hard/crt0.o (__libc_init_array)
c:/st/stm32cubeide_1.8.0/stm32cubeide/plugins/com.st.stm32cube.ide.mcu.externaltools.gnu-tools-for-stm32.9-2020-q2-update.win32_2.0.0.202105311346/tools/bin/../lib/gcc/arm-none-eabi/9.3.1/../../../../arm-none-eabi/lib/thumb/v7e-m+fp/hard\libc_nano.a(lib_a-memcpy-stub.o)
                              ./Core/Src/hx8357d.o (memcpy)
c:/st/stm32cubeide_1.8.0/stm32cubeide/plugins/com.st.stm32cube.ide.mcu.externaltools.gnu-tools-for-stm32.9-2020-q2-update.win32_2.0.0.202105311346/tools/bin/../lib/gcc/arm-none-eabi/9.3.1/../../../../arm-none-eabi/lib/thumb/v7e-m+fp/hard\libc_nano.a(lib_a-memset.o)
                              c:/st/stm32cubeide_1.8.0/stm32cubeide/plugins/com.st.stm32cube.ide.mcu.externaltools.gnu-tools-for-stm32.9-2020-q2-update.win32_2.0.0.202105311346/tools/bin/../lib/gcc/arm-none-eabi/9.3.1/../../../../arm-none-eabi/lib/thumb/v7e-m+fp/hard/crt0.o (memset)

Allocating common symbols
Common symbol       size              file

uwTick              0x4               ./Drivers/STM32L4xx_HAL_Driver/Src/stm32l4xx_hal.o
hspi1               0x64              ./Core/Src/main.o

Discarded input sections

 .text          0x0000000000000000        0x0 c:/st/stm32cubeide_1.8.0/stm32cubeide/plugins/com.st.stm32cube.ide.mcu.externaltools.gnu-tools-for-stm32.9-2020-q2-update.win32_2.0.0.202105311346/tools/bin/../lib/gcc/arm-none-eabi/9.3.1/thumb/v7e-m+fp/hard/crti.o
 .data          0x0000000000000000        0x0 c:/st/stm32cubeide_1.8.0/stm32cubeide/plugins/com.st.stm32cube.ide.mcu.externaltools.gnu-tools-for-stm32.9-2020-q2-update.win32_2.0.0.202105311346/tools/bin/../lib/gcc/arm-none-eabi/9.3.1/thumb/v7e-m+fp/hard/crti.o
 .bss           0x0000000000000000        0x0 c:/st/stm32cubeide_1.8.0/stm32cubeide/plugins/com.st.stm32cube.ide.mcu.externaltools.gnu-tools-for-stm32.9-2020-q2-update.win32_2.0.0.202105311346/tools/bin/../lib/gcc/arm-none-eabi/9.3.1/thumb/v7e-m+fp/hard/crti.o
 .data          0x0000000000000000        0x4 c:/st/stm32cubeide_1.8.0/stm32cubeide/plugins/com.st.stm32cube.ide.mcu.externaltools.gnu-tools-for-stm32.9-2020-q2-update.win32_2.0.0.202105311346/tools/bin/../lib/gcc/arm-none-eabi/9.3.1/thumb/v7e-m+fp/hard/crtbegin.o
 .text          0x0000000000000000       0x7c c:/st/stm32cubeide_1.8.0/stm32cubeide/plugins/com.st.stm32cube.ide.mcu.externaltools.gnu-tools-for-stm32.9-2020-q2-update.win32_2.0.0.202105311346/tools/bin/../lib/gcc/arm-none-eabi/9.3.1/../../../../arm-none-eabi/lib/thumb/v7e-m+fp/hard/crt0.o
 .data          0x0000000000000000        0x0 c:/st/stm32cubeide_1.8.0/stm32cubeide/plugins/com.st.stm32cube.ide.mcu.externaltools.gnu-tools-for-stm32.9-2020-q2-update.win32_2.0.0.202105311346/tools/bin/../lib/gcc/arm-none-eabi/9.3.1/../../../../arm-none-eabi/lib/thumb/v7e-m+fp/hard/crt0.o
[...]
Memory Configuration

Name             Origin             Length             Attributes
RAM              0x0000000020000000 0x00000000000a0000 xrw
RAM2             0x0000000010000000 0x0000000000010000 xrw
RAM3             0x0000000020040000 0x0000000000060000 xrw
FLASH            0x0000000008000000 0x0000000000200000 xr
*default*        0x0000000000000000 0xffffffffffffffff

Linker script and memory map

LOAD c:/st/stm32cubeide_1.8.0/stm32cubeide/plugins/com.st.stm32cube.ide.mcu.externaltools.gnu-tools-for-stm32.9-2020-q2-update.win32_2.0.0.202105311346/tools/bin/../lib/gcc/arm-none-eabi/9.3.1/thumb/v7e-m+fp/hard/crti.o
LOAD c:/st/stm32cubeide_1.8.0/stm32cubeide/plugins/com.st.stm32cube.ide.mcu.externaltools.gnu-tools-for-stm32.9-2020-q2-update.win32_2.0.0.202105311346/tools/bin/../lib/gcc/arm-none-eabi/9.3.1/thumb/v7e-m+fp/hard/crtbegin.o
LOAD c:/st/stm32cubeide_1.8.0/stm32cubeide/plugins/com.st.stm32cube.ide.mcu.externaltools.gnu-tools-for-stm32.9-2020-q2-update.win32_2.0.0.202105311346/tools/bin/../lib/gcc/arm-none-eabi/9.3.1/../../../../arm-none-eabi/lib/thumb/v7e-m+fp/hard/crt0.o
LOAD ./Core/Src/hx8357d.o
LOAD ./Core/Src/main.o
LOAD ./Core/Src/stm32l4xx_hal_msp.o
LOAD ./Core/Src/stm32l4xx_it.o
LOAD ./Core/Src/syscalls.o
LOAD ./Core/Src/sysmem.o
LOAD ./Core/Src/system_stm32l4xx.o
LOAD ./Core/Startup/startup_stm32l4r5zitxp.o
LOAD ./Drivers/STM32L4xx_HAL_Driver/Src/stm32l4xx_hal.o
LOAD ./Drivers/STM32L4xx_HAL_Driver/Src/stm32l4xx_hal_cortex.o
LOAD ./Drivers/STM32L4xx_HAL_Driver/Src/stm32l4xx_hal_dma.o
LOAD ./Drivers/STM32L4xx_HAL_Driver/Src/stm32l4xx_hal_dma_ex.o
LOAD ./Drivers/STM32L4xx_HAL_Driver/Src/stm32l4xx_hal_exti.o
LOAD ./Drivers/STM32L4xx_HAL_Driver/Src/stm32l4xx_hal_flash.o
LOAD ./Drivers/STM32L4xx_HAL_Driver/Src/stm32l4xx_hal_flash_ex.o
LOAD ./Drivers/STM32L4xx_HAL_Driver/Src/stm32l4xx_hal_flash_ramfunc.o
LOAD ./Drivers/STM32L4xx_HAL_Driver/Src/stm32l4xx_hal_gpio.o
LOAD ./Drivers/STM32L4xx_HAL_Driver/Src/stm32l4xx_hal_i2c.o
LOAD ./Drivers/STM32L4xx_HAL_Driver/Src/stm32l4xx_hal_i2c_ex.o
LOAD ./Drivers/STM32L4xx_HAL_Driver/Src/stm32l4xx_hal_pwr.o
LOAD ./Drivers/STM32L4xx_HAL_Driver/Src/stm32l4xx_hal_pwr_ex.o
LOAD ./Drivers/STM32L4xx_HAL_Driver/Src/stm32l4xx_hal_rcc.o
LOAD ./Drivers/STM32L4xx_HAL_Driver/Src/stm32l4xx_hal_rcc_ex.o
LOAD ./Drivers/STM32L4xx_HAL_Driver/Src/stm32l4xx_hal_spi.o
LOAD ./Drivers/STM32L4xx_HAL_Driver/Src/stm32l4xx_hal_spi_ex.o
LOAD ./Drivers/STM32L4xx_HAL_Driver/Src/stm32l4xx_hal_tim.o
LOAD ./Drivers/STM32L4xx_HAL_Driver/Src/stm32l4xx_hal_tim_ex.o
START GROUP
LOAD c:/st/stm32cubeide_1.8.0/stm32cubeide/plugins/com.st.stm32cube.ide.mcu.externaltools.gnu-tools-for-stm32.9-2020-q2-update.win32_2.0.0.202105311346/tools/bin/../lib/gcc/arm-none-eabi/9.3.1/../../../../arm-none-eabi/lib/thumb/v7e-m+fp/hard\libc_nano.a
LOAD c:/st/stm32cubeide_1.8.0/stm32cubeide/plugins/com.st.stm32cube.ide.mcu.externaltools.gnu-tools-for-stm32.9-2020-q2-update.win32_2.0.0.202105311346/tools/bin/../lib/gcc/arm-none-eabi/9.3.1/../../../../arm-none-eabi/lib/thumb/v7e-m+fp/hard\libm.a
END GROUP
START GROUP
LOAD c:/st/stm32cubeide_1.8.0/stm32cubeide/plugins/com.st.stm32cube.ide.mcu.externaltools.gnu-tools-for-stm32.9-2020-q2-update.win32_2.0.0.202105311346/tools/bin/../lib/gcc/arm-none-eabi/9.3.1/thumb/v7e-m+fp/hard\libgcc.a
LOAD c:/st/stm32cubeide_1.8.0/stm32cubeide/plugins/com.st.stm32cube.ide.mcu.externaltools.gnu-tools-for-stm32.9-2020-q2-update.win32_2.0.0.202105311346/tools/bin/../lib/gcc/arm-none-eabi/9.3.1/../../../../arm-none-eabi/lib/thumb/v7e-m+fp/hard\libc_nano.a
END GROUP
START GROUP
LOAD c:/st/stm32cubeide_1.8.0/stm32cubeide/plugins/com.st.stm32cube.ide.mcu.externaltools.gnu-tools-for-stm32.9-2020-q2-update.win32_2.0.0.202105311346/tools/bin/../lib/gcc/arm-none-eabi/9.3.1/thumb/v7e-m+fp/hard\libgcc.a
LOAD c:/st/stm32cubeide_1.8.0/stm32cubeide/plugins/com.st.stm32cube.ide.mcu.externaltools.gnu-tools-for-stm32.9-2020-q2-update.win32_2.0.0.202105311346/tools/bin/../lib/gcc/arm-none-eabi/9.3.1/../../../../arm-none-eabi/lib/thumb/v7e-m+fp/hard\libc_nano.a
LOAD c:/st/stm32cubeide_1.8.0/stm32cubeide/plugins/com.st.stm32cube.ide.mcu.externaltools.gnu-tools-for-stm32.9-2020-q2-update.win32_2.0.0.202105311346/tools/bin/../lib/gcc/arm-none-eabi/9.3.1/../../../../arm-none-eabi/lib/thumb/v7e-m+fp/hard\libnosys.a
END GROUP
START GROUP
LOAD c:/st/stm32cubeide_1.8.0/stm32cubeide/plugins/com.st.stm32cube.ide.mcu.externaltools.gnu-tools-for-stm32.9-2020-q2-update.win32_2.0.0.202105311346/tools/bin/../lib/gcc/arm-none-eabi/9.3.1/thumb/v7e-m+fp/hard\libgcc.a
LOAD c:/st/stm32cubeide_1.8.0/stm32cubeide/plugins/com.st.stm32cube.ide.mcu.externaltools.gnu-tools-for-stm32.9-2020-q2-update.win32_2.0.0.202105311346/tools/bin/../lib/gcc/arm-none-eabi/9.3.1/../../../../arm-none-eabi/lib/thumb/v7e-m+fp/hard\libc_nano.a
LOAD c:/st/stm32cubeide_1.8.0/stm32cubeide/plugins/com.st.stm32cube.ide.mcu.externaltools.gnu-tools-for-stm32.9-2020-q2-update.win32_2.0.0.202105311346/tools/bin/../lib/gcc/arm-none-eabi/9.3.1/../../../../arm-none-eabi/lib/thumb/v7e-m+fp/hard\libnosys.a
END GROUP
LOAD c:/st/stm32cubeide_1.8.0/stm32cubeide/plugins/com.st.stm32cube.ide.mcu.externaltools.gnu-tools-for-stm32.9-2020-q2-update.win32_2.0.0.202105311346/tools/bin/../lib/gcc/arm-none-eabi/9.3.1/thumb/v7e-m+fp/hard/crtend.o
LOAD c:/st/stm32cubeide_1.8.0/stm32cubeide/plugins/com.st.stm32cube.ide.mcu.externaltools.gnu-tools-for-stm32.9-2020-q2-update.win32_2.0.0.202105311346/tools/bin/../lib/gcc/arm-none-eabi/9.3.1/thumb/v7e-m+fp/hard/crtn.o
                0x00000000200a0000                _estack = (ORIGIN (RAM) + LENGTH (RAM))
                0x0000000000000200                _Min_Heap_Size = 0x200
                0x0000000000000400                _Min_Stack_Size = 0x400

.isr_vector     0x0000000008000000      0x1bc
                0x0000000008000000                . = ALIGN (0x4)
 *(.isr_vector)
 .isr_vector    0x0000000008000000      0x1bc ./Core/Startup/startup_stm32l4r5zitxp.o
                0x0000000008000000                g_pfnVectors
                0x00000000080001bc                . = ALIGN (0x4)

.text           0x00000000080001bc     0x296c
                0x00000000080001bc                . = ALIGN (0x4)
 *(.text)
 .text          0x00000000080001bc       0x40 c:/st/stm32cubeide_1.8.0/stm32cubeide/plugins/com.st.stm32cube.ide.mcu.externaltools.gnu-tools-for-stm32.9-2020-q2-update.win32_2.0.0.202105311346/tools/bin/../lib/gcc/arm-none-eabi/9.3.1/thumb/v7e-m+fp/hard/crtbegin.o
 *(.text*)
 .text.LCD_sendCommand
                0x00000000080001fc       0x68 ./Core/Src/hx8357d.o
                0x00000000080001fc                LCD_sendCommand
 .text.LCD_sendData_NoCS
                0x0000000008000264       0x40 ./Core/Src/hx8357d.o
                0x0000000008000264                LCD_sendData_NoCS
 .text.LCD_sendCommandArg
                0x00000000080002a4       0xa4 ./Core/Src/hx8357d.o
                0x00000000080002a4                LCD_sendCommandArg
 .text.LCD_init
                0x0000000008000348      0x21c ./Core/Src/hx8357d.o
                0x0000000008000348                LCD_init
 .text.LCD_setCursorPosition
                0x0000000008000564       0x88 ./Core/Src/hx8357d.o
                0x0000000008000564                LCD_setCursorPosition
 .text.LCD_rect
                0x00000000080005ec       0x94 ./Core/Src/hx8357d.o
                0x00000000080005ec                LCD_rect
 .text.main     0x0000000008000680       0x70 ./Core/Src/main.o
                0x0000000008000680                main
 .text.SystemClock_Config
                0x00000000080006f0       0x8c ./Core/Src/main.o
                0x00000000080006f0                SystemClock_Config
 .text.MX_SPI1_Init
                0x000000000800077c       0x7c ./Core/Src/main.o
 .text.MX_GPIO_Init
                0x00000000080007f8      0x4dc ./Core/Src/main.o
 .text.Error_Handler
                0x0000000008000cd4        0xa ./Core/Src/main.o
                0x0000000008000cd4                Error_Handler
 *fill*         0x0000000008000cde        0x2 
 .text.HAL_MspInit
                0x0000000008000ce0       0x48 ./Core/Src/stm32l4xx_hal_msp.o
                0x0000000008000ce0                HAL_MspInit
 .text.HAL_SPI_MspInit
                0x0000000008000d28       0x84 ./Core/Src/stm32l4xx_hal_msp.o
                0x0000000008000d28                HAL_SPI_MspInit
 .text.NMI_Handler
                0x0000000008000dac        0x6 ./Core/Src/stm32l4xx_it.o
                0x0000000008000dac                NMI_Handler
 .text.HardFault_Handler
                0x0000000008000db2        0x6 ./Core/Src/stm32l4xx_it.o
                0x0000000008000db2                HardFault_Handler
 .text.MemManage_Handler
                0x0000000008000db8        0x6 ./Core/Src/stm32l4xx_it.o
                0x0000000008000db8                MemManage_Handler
 .text.BusFault_Handler
                0x0000000008000dbe        0x6 ./Core/Src/stm32l4xx_it.o
                0x0000000008000dbe                BusFault_Handler
 .text.UsageFault_Handler
                0x0000000008000dc4        0x6 ./Core/Src/stm32l4xx_it.o
                0x0000000008000dc4                UsageFault_Handler
 .text.SVC_Handler
                0x0000000008000dca        0xe ./Core/Src/stm32l4xx_it.o
                0x0000000008000dca                SVC_Handler
 .text.DebugMon_Handler
                0x0000000008000dd8        0xe ./Core/Src/stm32l4xx_it.o
                0x0000000008000dd8                DebugMon_Handler
 .text.PendSV_Handler
                0x0000000008000de6        0xe ./Core/Src/stm32l4xx_it.o
                0x0000000008000de6                PendSV_Handler
 .text.SysTick_Handler
                0x0000000008000df4        0xc ./Core/Src/stm32l4xx_it.o
                0x0000000008000df4                SysTick_Handler
 .text.SystemInit
                0x0000000008000e00       0x24 ./Core/Src/system_stm32l4xx.o
                0x0000000008000e00                SystemInit
 .text.Reset_Handler
                0x0000000008000e24       0x50 ./Core/Startup/startup_stm32l4r5zitxp.o
                0x0000000008000e24                Reset_Handler
 .text.Default_Handler
                0x0000000008000e74        0x2 ./Core/Startup/startup_stm32l4r5zitxp.o
                0x0000000008000e74                RTC_Alarm_IRQHandler
                0x0000000008000e74                EXTI2_IRQHandler
                0x0000000008000e74                TIM8_TRG_COM_IRQHandler
                0x0000000008000e74                TIM8_CC_IRQHandler
                0x0000000008000e74                TIM1_CC_IRQHandler
                0x0000000008000e74                TSC_IRQHandler
                0x0000000008000e74                TAMP_STAMP_IRQHandler
                0x0000000008000e74                EXTI3_IRQHandler
                0x0000000008000e74                LPTIM2_IRQHandler
                0x0000000008000e74                DFSDM1_FLT1_IRQHandler
                0x0000000008000e74                GFXMMU_IRQHandler
                0x0000000008000e74                I2C3_ER_IRQHandler
                0x0000000008000e74                DFSDM1_FLT2_IRQHandler
                0x0000000008000e74                EXTI0_IRQHandler
                0x0000000008000e74                I2C2_EV_IRQHandler
                0x0000000008000e74                CAN1_RX0_IRQHandler
                0x0000000008000e74                FPU_IRQHandler
                0x0000000008000e74                TIM1_UP_TIM16_IRQHandler
                0x0000000008000e74                LTDC_ER_IRQHandler
                0x0000000008000e74                SPI1_IRQHandler
                0x0000000008000e74                OCTOSPI1_IRQHandler
                0x0000000008000e74                TIM6_DAC_IRQHandler
                0x0000000008000e74                DCMI_IRQHandler
                0x0000000008000e74                TIM8_UP_IRQHandler
                0x0000000008000e74                OCTOSPI2_IRQHandler
                0x0000000008000e74                DMA2_Channel2_IRQHandler
                0x0000000008000e74                DMA1_Channel4_IRQHandler
                0x0000000008000e74                SAI2_IRQHandler
                0x0000000008000e74                ADC1_IRQHandler
                0x0000000008000e74                DFSDM1_FLT3_IRQHandler
                0x0000000008000e74                USART3_IRQHandler
                0x0000000008000e74                DMA1_Channel7_IRQHandler
                0x0000000008000e74                CAN1_RX1_IRQHandler
                0x0000000008000e74                UART5_IRQHandler
                0x0000000008000e74                TIM4_IRQHandler
                0x0000000008000e74                DMA2_Channel1_IRQHandler
                0x0000000008000e74                I2C1_EV_IRQHandler
                0x0000000008000e74                DMAMUX1_OVR_IRQHandler
                0x0000000008000e74                DMA1_Channel6_IRQHandler
                0x0000000008000e74                UART4_IRQHandler
                0x0000000008000e74                DMA2_Channel4_IRQHandler
                0x0000000008000e74                TIM3_IRQHandler
                0x0000000008000e74                RCC_IRQHandler
                0x0000000008000e74                DMA1_Channel1_IRQHandler
                0x0000000008000e74                Default_Handler
                0x0000000008000e74                DMA2_Channel7_IRQHandler
                0x0000000008000e74                EXTI15_10_IRQHandler
                0x0000000008000e74                TIM7_IRQHandler
                0x0000000008000e74                SDMMC1_IRQHandler
                0x0000000008000e74                TIM5_IRQHandler
                0x0000000008000e74                I2C3_EV_IRQHandler
                0x0000000008000e74                EXTI9_5_IRQHandler
                0x0000000008000e74                RTC_WKUP_IRQHandler
                0x0000000008000e74                LTDC_IRQHandler
                0x0000000008000e74                PVD_PVM_IRQHandler
                0x0000000008000e74                SPI2_IRQHandler
                0x0000000008000e74                CAN1_TX_IRQHandler
                0x0000000008000e74                DMA2_Channel5_IRQHandler
                0x0000000008000e74                CRS_IRQHandler
                0x0000000008000e74                DMA1_Channel5_IRQHandler
                0x0000000008000e74                EXTI4_IRQHandler
                0x0000000008000e74                RNG_IRQHandler
                0x0000000008000e74                TIM1_TRG_COM_TIM17_IRQHandler
                0x0000000008000e74                DMA1_Channel3_IRQHandler
                0x0000000008000e74                COMP_IRQHandler
                0x0000000008000e74                WWDG_IRQHandler
                0x0000000008000e74                I2C4_EV_IRQHandler
                0x0000000008000e74                LPUART1_IRQHandler
                0x0000000008000e74                DMA2_Channel6_IRQHandler
                0x0000000008000e74                TIM2_IRQHandler
                0x0000000008000e74                DMA2D_IRQHandler
                0x0000000008000e74                EXTI1_IRQHandler
                0x0000000008000e74                USART2_IRQHandler
                0x0000000008000e74                DFSDM1_FLT0_IRQHandler
                0x0000000008000e74                I2C2_ER_IRQHandler
                0x0000000008000e74                DMA1_Channel2_IRQHandler
                0x0000000008000e74                TIM8_BRK_IRQHandler
                0x0000000008000e74                CAN1_SCE_IRQHandler
                0x0000000008000e74                FLASH_IRQHandler
                0x0000000008000e74                USART1_IRQHandler
                0x0000000008000e74                OTG_FS_IRQHandler
                0x0000000008000e74                SPI3_IRQHandler
                0x0000000008000e74                I2C1_ER_IRQHandler
                0x0000000008000e74                FMC_IRQHandler
                0x0000000008000e74                LPTIM1_IRQHandler
                0x0000000008000e74                I2C4_ER_IRQHandler
                0x0000000008000e74                SAI1_IRQHandler
                0x0000000008000e74                DMA2_Channel3_IRQHandler
                0x0000000008000e74                TIM1_BRK_TIM15_IRQHandler
 .text.HAL_Init
                0x0000000008000e76       0x30 ./Drivers/STM32L4xx_HAL_Driver/Src/stm32l4xx_hal.o
                0x0000000008000e76                HAL_Init
 *fill*         0x0000000008000ea6        0x2 
 .text.HAL_InitTick
                0x0000000008000ea8       0x78 ./Drivers/STM32L4xx_HAL_Driver/Src/stm32l4xx_hal.o
                0x0000000008000ea8                HAL_InitTick
 .text.HAL_IncTick
                0x0000000008000f20       0x28 ./Drivers/STM32L4xx_HAL_Driver/Src/stm32l4xx_hal.o
                0x0000000008000f20                HAL_IncTick
 .text.HAL_GetTick
                0x0000000008000f48       0x18 ./Drivers/STM32L4xx_HAL_Driver/Src/stm32l4xx_hal.o
                0x0000000008000f48                HAL_GetTick
 .text.HAL_Delay
                0x0000000008000f60       0x48 ./Drivers/STM32L4xx_HAL_Driver/Src/stm32l4xx_hal.o
                0x0000000008000f60                HAL_Delay
 .text.__NVIC_SetPriorityGrouping
                0x0000000008000fa8       0x48 ./Drivers/STM32L4xx_HAL_Driver/Src/stm32l4xx_hal_cortex.o
 .text.__NVIC_GetPriorityGrouping
                0x0000000008000ff0       0x1c ./Drivers/STM32L4xx_HAL_Driver/Src/stm32l4xx_hal_cortex.o
 .text.__NVIC_SetPriority
                0x000000000800100c       0x54 ./Drivers/STM32L4xx_HAL_Driver/Src/stm32l4xx_hal_cortex.o
 .text.NVIC_EncodePriority
                0x0000000008001060       0x66 ./Drivers/STM32L4xx_HAL_Driver/Src/stm32l4xx_hal_cortex.o
 *fill*         0x00000000080010c6        0x2 
 .text.SysTick_Config
                0x00000000080010c8       0x44 ./Drivers/STM32L4xx_HAL_Driver/Src/stm32l4xx_hal_cortex.o
 .text.HAL_NVIC_SetPriorityGrouping
                0x000000000800110c       0x16 ./Drivers/STM32L4xx_HAL_Driver/Src/stm32l4xx_hal_cortex.o
                0x000000000800110c                HAL_NVIC_SetPriorityGrouping
 .text.HAL_NVIC_SetPriority
                0x0000000008001122       0x38 ./Drivers/STM32L4xx_HAL_Driver/Src/stm32l4xx_hal_cortex.o
                0x0000000008001122                HAL_NVIC_SetPriority
 .text.HAL_SYSTICK_Config
                0x000000000800115a       0x18 ./Drivers/STM32L4xx_HAL_Driver/Src/stm32l4xx_hal_cortex.o
                0x000000000800115a                HAL_SYSTICK_Config
 *fill*         0x0000000008001172        0x2 
 .text.HAL_GPIO_Init
                0x0000000008001174      0x324 ./Drivers/STM32L4xx_HAL_Driver/Src/stm32l4xx_hal_gpio.o
                0x0000000008001174                HAL_GPIO_Init
 .text.HAL_GPIO_WritePin
                0x0000000008001498       0x30 ./Drivers/STM32L4xx_HAL_Driver/Src/stm32l4xx_hal_gpio.o
                0x0000000008001498                HAL_GPIO_WritePin
 .text.HAL_PWREx_GetVoltageRange
                0x00000000080014c8       0x40 ./Drivers/STM32L4xx_HAL_Driver/Src/stm32l4xx_hal_pwr_ex.o
                0x00000000080014c8                HAL_PWREx_GetVoltageRange
 .text.HAL_PWREx_ControlVoltageScaling
                0x0000000008001508      0x148 ./Drivers/STM32L4xx_HAL_Driver/Src/stm32l4xx_hal_pwr_ex.o
                0x0000000008001508                HAL_PWREx_ControlVoltageScaling
 .text.HAL_PWREx_EnableVddIO2
                0x0000000008001650       0x20 ./Drivers/STM32L4xx_HAL_Driver/Src/stm32l4xx_hal_pwr_ex.o
                0x0000000008001650                HAL_PWREx_EnableVddIO2
 .text.HAL_RCC_OscConfig
                0x0000000008001670      0x84c ./Drivers/STM32L4xx_HAL_Driver/Src/stm32l4xx_hal_rcc.o
                0x0000000008001670                HAL_RCC_OscConfig
 .text.HAL_RCC_ClockConfig
                0x0000000008001ebc      0x258 ./Drivers/STM32L4xx_HAL_Driver/Src/stm32l4xx_hal_rcc.o
                0x0000000008001ebc                HAL_RCC_ClockConfig
 .text.HAL_RCC_GetSysClockFreq
                0x0000000008002114      0x118 ./Drivers/STM32L4xx_HAL_Driver/Src/stm32l4xx_hal_rcc.o
                0x0000000008002114                HAL_RCC_GetSysClockFreq
 .text.RCC_SetFlashLatencyFromMSIRange
                0x000000000800222c       0xb4 ./Drivers/STM32L4xx_HAL_Driver/Src/stm32l4xx_hal_rcc.o
 .text.RCC_GetSysClockFreqFromPLLSource
                0x00000000080022e0       0xd0 ./Drivers/STM32L4xx_HAL_Driver/Src/stm32l4xx_hal_rcc.o
 .text.HAL_SPI_Init
                0x00000000080023b0      0x146 ./Drivers/STM32L4xx_HAL_Driver/Src/stm32l4xx_hal_spi.o
                0x00000000080023b0                HAL_SPI_Init
 .text.HAL_SPI_Transmit
                0x00000000080024f6      0x2dc ./Drivers/STM32L4xx_HAL_Driver/Src/stm32l4xx_hal_spi.o
                0x00000000080024f6                HAL_SPI_Transmit
 *fill*         0x00000000080027d2        0x2 
 .text.SPI_WaitFlagStateUntilTimeout
                0x00000000080027d4      0x110 ./Drivers/STM32L4xx_HAL_Driver/Src/stm32l4xx_hal_spi.o
 .text.SPI_WaitFifoStateUntilTimeout
                0x00000000080028e4      0x12c ./Drivers/STM32L4xx_HAL_Driver/Src/stm32l4xx_hal_spi.o
 .text.SPI_EndRxTxTransaction
                0x0000000008002a10       0x8c ./Drivers/STM32L4xx_HAL_Driver/Src/stm32l4xx_hal_spi.o
 .text.__libc_init_array
                0x0000000008002a9c       0x48 c:/st/stm32cubeide_1.8.0/stm32cubeide/plugins/com.st.stm32cube.ide.mcu.externaltools.gnu-tools-for-stm32.9-2020-q2-update.win32_2.0.0.202105311346/tools/bin/../lib/gcc/arm-none-eabi/9.3.1/../../../../arm-none-eabi/lib/thumb/v7e-m+fp/hard\libc_nano.a(lib_a-init.o)
                0x0000000008002a9c                __libc_init_array
 .text.memcpy   0x0000000008002ae4       0x1c c:/st/stm32cubeide_1.8.0/stm32cubeide/plugins/com.st.stm32cube.ide.mcu.externaltools.gnu-tools-for-stm32.9-2020-q2-update.win32_2.0.0.202105311346/tools/bin/../lib/gcc/arm-none-eabi/9.3.1/../../../../arm-none-eabi/lib/thumb/v7e-m+fp/hard\libc_nano.a(lib_a-memcpy-stub.o)
                0x0000000008002ae4                memcpy
 .text.memset   0x0000000008002b00       0x10 c:/st/stm32cubeide_1.8.0/stm32cubeide/plugins/com.st.stm32cube.ide.mcu.externaltools.gnu-tools-for-stm32.9-2020-q2-update.win32_2.0.0.202105311346/tools/bin/../lib/gcc/arm-none-eabi/9.3.1/../../../../arm-none-eabi/lib/thumb/v7e-m+fp/hard\libc_nano.a(lib_a-memset.o)
                0x0000000008002b00                memset
 *(.glue_7)
 .glue_7        0x0000000008002b10        0x0 linker stubs
 *(.glue_7t)
 .glue_7t       0x0000000008002b10        0x0 linker stubs
 *(.eh_frame)
 .eh_frame      0x0000000008002b10        0x0 c:/st/stm32cubeide_1.8.0/stm32cubeide/plugins/com.st.stm32cube.ide.mcu.externaltools.gnu-tools-for-stm32.9-2020-q2-update.win32_2.0.0.202105311346/tools/bin/../lib/gcc/arm-none-eabi/9.3.1/thumb/v7e-m+fp/hard/crtbegin.o
 *(.init)
 .init          0x0000000008002b10        0x4 c:/st/stm32cubeide_1.8.0/stm32cubeide/plugins/com.st.stm32cube.ide.mcu.externaltools.gnu-tools-for-stm32.9-2020-q2-update.win32_2.0.0.202105311346/tools/bin/../lib/gcc/arm-none-eabi/9.3.1/thumb/v7e-m+fp/hard/crti.o
                0x0000000008002b10                _init
 .init          0x0000000008002b14        0x8 c:/st/stm32cubeide_1.8.0/stm32cubeide/plugins/com.st.stm32cube.ide.mcu.externaltools.gnu-tools-for-stm32.9-2020-q2-update.win32_2.0.0.202105311346/tools/bin/../lib/gcc/arm-none-eabi/9.3.1/thumb/v7e-m+fp/hard/crtn.o
 *(.fini)
 .fini          0x0000000008002b1c        0x4 c:/st/stm32cubeide_1.8.0/stm32cubeide/plugins/com.st.stm32cube.ide.mcu.externaltools.gnu-tools-for-stm32.9-2020-q2-update.win32_2.0.0.202105311346/tools/bin/../lib/gcc/arm-none-eabi/9.3.1/thumb/v7e-m+fp/hard/crti.o
                0x0000000008002b1c                _fini
 .fini          0x0000000008002b20        0x8 c:/st/stm32cubeide_1.8.0/stm32cubeide/plugins/com.st.stm32cube.ide.mcu.externaltools.gnu-tools-for-stm32.9-2020-q2-update.win32_2.0.0.202105311346/tools/bin/../lib/gcc/arm-none-eabi/9.3.1/thumb/v7e-m+fp/hard/crtn.o
                0x0000000008002b28                . = ALIGN (0x4)
                0x0000000008002b28                _etext = .

.vfp11_veneer   0x0000000008002b28        0x0
 .vfp11_veneer  0x0000000008002b28        0x0 linker stubs

.v4_bx          0x0000000008002b28        0x0
 .v4_bx         0x0000000008002b28        0x0 linker stubs

.iplt           0x0000000008002b28        0x0
 .iplt          0x0000000008002b28        0x0 c:/st/stm32cubeide_1.8.0/stm32cubeide/plugins/com.st.stm32cube.ide.mcu.externaltools.gnu-tools-for-stm32.9-2020-q2-update.win32_2.0.0.202105311346/tools/bin/../lib/gcc/arm-none-eabi/9.3.1/thumb/v7e-m+fp/hard/crtbegin.o

.rodata         0x0000000008002b28       0x80
                0x0000000008002b28                . = ALIGN (0x4)
 *(.rodata)
 .rodata        0x0000000008002b28       0x3e ./Core/Src/hx8357d.o
 *(.rodata*)
 *fill*         0x0000000008002b66        0x2 
 .rodata.AHBPrescTable
                0x0000000008002b68       0x10 ./Core/Src/system_stm32l4xx.o
                0x0000000008002b68                AHBPrescTable
 .rodata.MSIRangeTable
                0x0000000008002b78       0x30 ./Core/Src/system_stm32l4xx.o
                0x0000000008002b78                MSIRangeTable
                0x0000000008002ba8                . = ALIGN (0x4)

.rel.dyn        0x0000000008002ba8        0x0
 .rel.iplt      0x0000000008002ba8        0x0 c:/st/stm32cubeide_1.8.0/stm32cubeide/plugins/com.st.stm32cube.ide.mcu.externaltools.gnu-tools-for-stm32.9-2020-q2-update.win32_2.0.0.202105311346/tools/bin/../lib/gcc/arm-none-eabi/9.3.1/thumb/v7e-m+fp/hard/crtbegin.o

.ARM.extab      0x0000000008002ba8        0x0
                0x0000000008002ba8                . = ALIGN (0x4)
 *(.ARM.extab* .gnu.linkonce.armextab.*)
                0x0000000008002ba8                . = ALIGN (0x4)

.ARM            0x0000000008002ba8        0x0
                0x0000000008002ba8                . = ALIGN (0x4)
                0x0000000008002ba8                __exidx_start = .
 *(.ARM.exidx*)
                0x0000000008002ba8                __exidx_end = .
                0x0000000008002ba8                . = ALIGN (0x4)

.preinit_array  0x0000000008002ba8        0x0
                0x0000000008002ba8                . = ALIGN (0x4)
                0x0000000008002ba8                PROVIDE (__preinit_array_start = .)
 *(.preinit_array*)
                0x0000000008002ba8                PROVIDE (__preinit_array_end = .)
                0x0000000008002ba8                . = ALIGN (0x4)

.init_array     0x0000000008002ba8        0x4
                0x0000000008002ba8                . = ALIGN (0x4)
                0x0000000008002ba8                PROVIDE (__init_array_start = .)
 *(SORT_BY_NAME(.init_array.*))
 *(.init_array*)
 .init_array    0x0000000008002ba8        0x4 c:/st/stm32cubeide_1.8.0/stm32cubeide/plugins/com.st.stm32cube.ide.mcu.externaltools.gnu-tools-for-stm32.9-2020-q2-update.win32_2.0.0.202105311346/tools/bin/../lib/gcc/arm-none-eabi/9.3.1/thumb/v7e-m+fp/hard/crtbegin.o
                0x0000000008002bac                PROVIDE (__init_array_end = .)
                0x0000000008002bac                . = ALIGN (0x4)

.fini_array     0x0000000008002bac        0x4
                0x0000000008002bac                . = ALIGN (0x4)
                [!provide]                        PROVIDE (__fini_array_start = .)
 *(SORT_BY_NAME(.fini_array.*))
 *(.fini_array*)
 .fini_array    0x0000000008002bac        0x4 c:/st/stm32cubeide_1.8.0/stm32cubeide/plugins/com.st.stm32cube.ide.mcu.externaltools.gnu-tools-for-stm32.9-2020-q2-update.win32_2.0.0.202105311346/tools/bin/../lib/gcc/arm-none-eabi/9.3.1/thumb/v7e-m+fp/hard/crtbegin.o
                [!provide]                        PROVIDE (__fini_array_end = .)
                0x0000000008002bb0                . = ALIGN (0x4)
                0x0000000008002bb0                _sidata = LOADADDR (.data)

.data           0x0000000020000000       0x24 load address 0x0000000008002bb0
                0x0000000020000000                . = ALIGN (0x4)
                0x0000000020000000                _sdata = .
 *(.data)
 *(.data*)
 .data.tftCS_GPIO
                0x0000000020000000        0x4 ./Core/Src/main.o
                0x0000000020000000                tftCS_GPIO
 .data.tftCS_PIN
                0x0000000020000004        0x2 ./Core/Src/main.o
                0x0000000020000004                tftCS_PIN
 *fill*         0x0000000020000006        0x2 
 .data.tftDC_GPIO
                0x0000000020000008        0x4 ./Core/Src/main.o
                0x0000000020000008                tftDC_GPIO
 .data.tftDC_PIN
                0x000000002000000c        0x2 ./Core/Src/main.o
                0x000000002000000c                tftDC_PIN
 *fill*         0x000000002000000e        0x2 
 .data.tftRESET_GPIO
                0x0000000020000010        0x4 ./Core/Src/main.o
                0x0000000020000010                tftRESET_GPIO
 .data.tftRESET_PIN
                0x0000000020000014        0x2 ./Core/Src/main.o
                0x0000000020000014                tftRESET_PIN
 *fill*         0x0000000020000016        0x2 
 .data.SystemCoreClock
                0x0000000020000018        0x4 ./Core/Src/system_stm32l4xx.o
                0x0000000020000018                SystemCoreClock
 .data.uwTickPrio
                0x000000002000001c        0x4 ./Drivers/STM32L4xx_HAL_Driver/Src/stm32l4xx_hal.o
                0x000000002000001c                uwTickPrio
 .data.uwTickFreq
                0x0000000020000020        0x1 ./Drivers/STM32L4xx_HAL_Driver/Src/stm32l4xx_hal.o
                0x0000000020000020                uwTickFreq
 *(.RamFunc)
 *(.RamFunc*)
                0x0000000020000024                . = ALIGN (0x4)
 *fill*         0x0000000020000021        0x3 
                0x0000000020000024                _edata = .

.igot.plt       0x0000000020000024        0x0 load address 0x0000000008002bd4
 .igot.plt      0x0000000020000024        0x0 c:/st/stm32cubeide_1.8.0/stm32cubeide/plugins/com.st.stm32cube.ide.mcu.externaltools.gnu-tools-for-stm32.9-2020-q2-update.win32_2.0.0.202105311346/tools/bin/../lib/gcc/arm-none-eabi/9.3.1/thumb/v7e-m+fp/hard/crtbegin.o
                0x0000000020000024                . = ALIGN (0x4)

.bss            0x0000000020000024      0x100 load address 0x0000000008002bd4
                0x0000000020000024                _sbss = .
                0x0000000020000024                __bss_start__ = _sbss
 *(.bss)
 .bss           0x0000000020000024       0x1c c:/st/stm32cubeide_1.8.0/stm32cubeide/plugins/com.st.stm32cube.ide.mcu.externaltools.gnu-tools-for-stm32.9-2020-q2-update.win32_2.0.0.202105311346/tools/bin/../lib/gcc/arm-none-eabi/9.3.1/thumb/v7e-m+fp/hard/crtbegin.o
 *(.bss*)
 .bss.lcdSPIhandle
                0x0000000020000040       0x64 ./Core/Src/hx8357d.o
 .bss.tftCS_GPIO
                0x00000000200000a4        0x4 ./Core/Src/hx8357d.o
 .bss.tftCS_PIN
                0x00000000200000a8        0x2 ./Core/Src/hx8357d.o
 *fill*         0x00000000200000aa        0x2 
 .bss.tftDC_GPIO
                0x00000000200000ac        0x4 ./Core/Src/hx8357d.o
 .bss.tftDC_PIN
                0x00000000200000b0        0x2 ./Core/Src/hx8357d.o
 *fill*         0x00000000200000b2        0x2 
 .bss.tftRESET_GPIO
                0x00000000200000b4        0x4 ./Core/Src/hx8357d.o
 .bss.tftRESET_PIN
                0x00000000200000b8        0x2 ./Core/Src/hx8357d.o
 *(COMMON)
 *fill*         0x00000000200000ba        0x2 
 COMMON         0x00000000200000bc       0x64 ./Core/Src/main.o
                0x00000000200000bc                hspi1
 COMMON         0x0000000020000120        0x4 ./Drivers/STM32L4xx_HAL_Driver/Src/stm32l4xx_hal.o
                0x0000000020000120                uwTick
                0x0000000020000124                . = ALIGN (0x4)
                0x0000000020000124                _ebss = .
                0x0000000020000124                __bss_end__ = _ebss

._user_heap_stack
                0x0000000020000124      0x604 load address 0x0000000008002bd4
                0x0000000020000128                . = ALIGN (0x8)
 *fill*         0x0000000020000124        0x4 
                [!provide]                        PROVIDE (end = .)
                0x0000000020000128                PROVIDE (_end = .)
                0x0000000020000328                . = (. + _Min_Heap_Size)
 *fill*         0x0000000020000128      0x200 
                0x0000000020000728                . = (. + _Min_Stack_Size)
 *fill*         0x0000000020000328      0x400 
                0x0000000020000728                . = ALIGN (0x8)

/DISCARD/
 libc.a(*)
 libm.a(*)
 libgcc.a(*)

.ARM.attributes
                0x0000000000000000       0x30
 *(.ARM.attributes)
 .ARM.attributes
                0x0000000000000000       0x1e c:/st/stm32cubeide_1.8.0/stm32cubeide/plugins/com.st.stm32cube.ide.mcu.externaltools.gnu-tools-for-stm32.9-2020-q2-update.win32_2.0.0.202105311346/tools/bin/../lib/gcc/arm-none-eabi/9.3.1/thumb/v7e-m+fp/hard/crti.o
 .ARM.attributes
                0x000000000000001e       0x34 c:/st/stm32cubeide_1.8.0/stm32cubeide/plugins/com.st.stm32cube.ide.mcu.externaltools.gnu-tools-for-stm32.9-2020-q2-update.win32_2.0.0.202105311346/tools/bin/../lib/gcc/arm-none-eabi/9.3.1/thumb/v7e-m+fp/hard/crtbegin.o
 .ARM.attributes
                0x0000000000000052       0x34 ./Core/Src/hx8357d.o
 .ARM.attributes
                0x0000000000000086       0x34 ./Core/Src/main.o
 .ARM.attributes
                0x00000000000000ba       0x34 ./Core/Src/stm32l4xx_hal_msp.o
 .ARM.attributes
                0x00000000000000ee       0x34 ./Core/Src/stm32l4xx_it.o
 .ARM.attributes
                0x0000000000000122       0x34 ./Core/Src/system_stm32l4xx.o
 .ARM.attributes
                0x0000000000000156       0x21 ./Core/Startup/startup_stm32l4r5zitxp.o
 .ARM.attributes
                0x0000000000000177       0x34 ./Drivers/STM32L4xx_HAL_Driver/Src/stm32l4xx_hal.o
 .ARM.attributes
                0x00000000000001ab       0x34 ./Drivers/STM32L4xx_HAL_Driver/Src/stm32l4xx_hal_cortex.o
 .ARM.attributes
                0x00000000000001df       0x34 ./Drivers/STM32L4xx_HAL_Driver/Src/stm32l4xx_hal_gpio.o
 .ARM.attributes
                0x0000000000000213       0x34 ./Drivers/STM32L4xx_HAL_Driver/Src/stm32l4xx_hal_pwr_ex.o
 .ARM.attributes
                0x0000000000000247       0x34 ./Drivers/STM32L4xx_HAL_Driver/Src/stm32l4xx_hal_rcc.o
 .ARM.attributes
                0x000000000000027b       0x34 ./Drivers/STM32L4xx_HAL_Driver/Src/stm32l4xx_hal_spi.o
 .ARM.attributes
                0x00000000000002af       0x34 c:/st/stm32cubeide_1.8.0/stm32cubeide/plugins/com.st.stm32cube.ide.mcu.externaltools.gnu-tools-for-stm32.9-2020-q2-update.win32_2.0.0.202105311346/tools/bin/../lib/gcc/arm-none-eabi/9.3.1/../../../../arm-none-eabi/lib/thumb/v7e-m+fp/hard\libc_nano.a(lib_a-init.o)
 .ARM.attributes
                0x00000000000002e3       0x34 c:/st/stm32cubeide_1.8.0/stm32cubeide/plugins/com.st.stm32cube.ide.mcu.externaltools.gnu-tools-for-stm32.9-2020-q2-update.win32_2.0.0.202105311346/tools/bin/../lib/gcc/arm-none-eabi/9.3.1/../../../../arm-none-eabi/lib/thumb/v7e-m+fp/hard\libc_nano.a(lib_a-memcpy-stub.o)
 .ARM.attributes
                0x0000000000000317       0x34 c:/st/stm32cubeide_1.8.0/stm32cubeide/plugins/com.st.stm32cube.ide.mcu.externaltools.gnu-tools-for-stm32.9-2020-q2-update.win32_2.0.0.202105311346/tools/bin/../lib/gcc/arm-none-eabi/9.3.1/../../../../arm-none-eabi/lib/thumb/v7e-m+fp/hard\libc_nano.a(lib_a-memset.o)
 .ARM.attributes
                0x000000000000034b       0x1e c:/st/stm32cubeide_1.8.0/stm32cubeide/plugins/com.st.stm32cube.ide.mcu.externaltools.gnu-tools-for-stm32.9-2020-q2-update.win32_2.0.0.202105311346/tools/bin/../lib/gcc/arm-none-eabi/9.3.1/thumb/v7e-m+fp/hard/crtn.o
OUTPUT(FinalProj.elf elf32-littlearm)
LOAD linker stubs
LOAD c:/st/stm32cubeide_1.8.0/stm32cubeide/plugins/com.st.stm32cube.ide.mcu.externaltools.gnu-tools-for-stm32.9-2020-q2-update.win32_2.0.0.202105311346/tools/bin/../lib/gcc/arm-none-eabi/9.3.1/../../../../arm-none-eabi/lib/thumb/v7e-m+fp/hard\libc.a
LOAD c:/st/stm32cubeide_1.8.0/stm32cubeide/plugins/com.st.stm32cube.ide.mcu.externaltools.gnu-tools-for-stm32.9-2020-q2-update.win32_2.0.0.202105311346/tools/bin/../lib/gcc/arm-none-eabi/9.3.1/../../../../arm-none-eabi/lib/thumb/v7e-m+fp/hard\libm.a
LOAD c:/st/stm32cubeide_1.8.0/stm32cubeide/plugins/com.st.stm32cube.ide.mcu.externaltools.gnu-tools-for-stm32.9-2020-q2-update.win32_2.0.0.202105311346/tools/bin/../lib/gcc/arm-none-eabi/9.3.1/thumb/v7e-m+fp/hard\libgcc.a

.debug_info     0x0000000000000000     0xa5c4
 .debug_info    0x0000000000000000     0x16e6 ./Core/Src/hx8357d.o
 .debug_info    0x00000000000016e6     0x18a4 ./Core/Src/main.o
 .debug_info    0x0000000000002f8a      0xd0a ./Core/Src/stm32l4xx_hal_msp.o
 .debug_info    0x0000000000003c94      0x373 ./Core/Src/stm32l4xx_it.o
 .debug_info    0x0000000000004007      0x7aa ./Core/Src/system_stm32l4xx.o
 .debug_info    0x00000000000047b1       0x22 ./Core/Startup/startup_stm32l4r5zitxp.o
 .debug_info    0x00000000000047d3      0xd17 ./Drivers/STM32L4xx_HAL_Driver/Src/stm32l4xx_hal.o
 .debug_info    0x00000000000054ea     0x1046 ./Drivers/STM32L4xx_HAL_Driver/Src/stm32l4xx_hal_cortex.o
 .debug_info    0x0000000000006530      0xa96 ./Drivers/STM32L4xx_HAL_Driver/Src/stm32l4xx_hal_gpio.o
 .debug_info    0x0000000000006fc6      0xc6e ./Drivers/STM32L4xx_HAL_Driver/Src/stm32l4xx_hal_pwr_ex.o
 .debug_info    0x0000000000007c34      0xf63 ./Drivers/STM32L4xx_HAL_Driver/Src/stm32l4xx_hal_rcc.o
 .debug_info    0x0000000000008b97     0x1a2d ./Drivers/STM32L4xx_HAL_Driver/Src/stm32l4xx_hal_spi.o

.debug_abbrev   0x0000000000000000     0x1713
 .debug_abbrev  0x0000000000000000      0x22f ./Core/Src/hx8357d.o
 .debug_abbrev  0x000000000000022f      0x28c ./Core/Src/main.o
 .debug_abbrev  0x00000000000004bb      0x1ac ./Core/Src/stm32l4xx_hal_msp.o
 .debug_abbrev  0x0000000000000667       0xf2 ./Core/Src/stm32l4xx_it.o
 .debug_abbrev  0x0000000000000759      0x165 ./Core/Src/system_stm32l4xx.o
 .debug_abbrev  0x00000000000008be       0x12 ./Core/Startup/startup_stm32l4r5zitxp.o
 .debug_abbrev  0x00000000000008d0      0x227 ./Drivers/STM32L4xx_HAL_Driver/Src/stm32l4xx_hal.o
 .debug_abbrev  0x0000000000000af7      0x33c ./Drivers/STM32L4xx_HAL_Driver/Src/stm32l4xx_hal_cortex.o
 .debug_abbrev  0x0000000000000e33      0x1e8 ./Drivers/STM32L4xx_HAL_Driver/Src/stm32l4xx_hal_gpio.o
 .debug_abbrev  0x000000000000101b      0x1f3 ./Drivers/STM32L4xx_HAL_Driver/Src/stm32l4xx_hal_pwr_ex.o
 .debug_abbrev  0x000000000000120e      0x2b1 ./Drivers/STM32L4xx_HAL_Driver/Src/stm32l4xx_hal_rcc.o
 .debug_abbrev  0x00000000000014bf      0x254 ./Drivers/STM32L4xx_HAL_Driver/Src/stm32l4xx_hal_spi.o

.debug_aranges  0x0000000000000000      0x808
 .debug_aranges
                0x0000000000000000       0x68 ./Core/Src/hx8357d.o
 .debug_aranges
                0x0000000000000068       0x40 ./Core/Src/main.o
 .debug_aranges
                0x00000000000000a8       0x30 ./Core/Src/stm32l4xx_hal_msp.o
 .debug_aranges
                0x00000000000000d8       0x60 ./Core/Src/stm32l4xx_it.o
 .debug_aranges
                0x0000000000000138       0x28 ./Core/Src/system_stm32l4xx.o
 .debug_aranges
                0x0000000000000160       0x28 ./Core/Startup/startup_stm32l4r5zitxp.o
 .debug_aranges
                0x0000000000000188      0x130 ./Drivers/STM32L4xx_HAL_Driver/Src/stm32l4xx_hal.o
 .debug_aranges
                0x00000000000002b8      0x118 ./Drivers/STM32L4xx_HAL_Driver/Src/stm32l4xx_hal_cortex.o
 .debug_aranges
                0x00000000000003d0       0x58 ./Drivers/STM32L4xx_HAL_Driver/Src/stm32l4xx_hal_gpio.o
 .debug_aranges
                0x0000000000000428      0x170 ./Drivers/STM32L4xx_HAL_Driver/Src/stm32l4xx_hal_pwr_ex.o
 .debug_aranges
                0x0000000000000598       0x98 ./Drivers/STM32L4xx_HAL_Driver/Src/stm32l4xx_hal_rcc.o
 .debug_aranges
                0x0000000000000630      0x1d8 ./Drivers/STM32L4xx_HAL_Driver/Src/stm32l4xx_hal_spi.o

.debug_ranges   0x0000000000000000      0x750
 .debug_ranges  0x0000000000000000       0x58 ./Core/Src/hx8357d.o
 .debug_ranges  0x0000000000000058       0x30 ./Core/Src/main.o
 .debug_ranges  0x0000000000000088       0x20 ./Core/Src/stm32l4xx_hal_msp.o
 .debug_ranges  0x00000000000000a8       0x50 ./Core/Src/stm32l4xx_it.o
 .debug_ranges  0x00000000000000f8       0x18 ./Core/Src/system_stm32l4xx.o
 .debug_ranges  0x0000000000000110       0x20 ./Core/Startup/startup_stm32l4r5zitxp.o
 .debug_ranges  0x0000000000000130      0x120 ./Drivers/STM32L4xx_HAL_Driver/Src/stm32l4xx_hal.o
 .debug_ranges  0x0000000000000250      0x108 ./Drivers/STM32L4xx_HAL_Driver/Src/stm32l4xx_hal_cortex.o
 .debug_ranges  0x0000000000000358       0x48 ./Drivers/STM32L4xx_HAL_Driver/Src/stm32l4xx_hal_gpio.o
 .debug_ranges  0x00000000000003a0      0x160 ./Drivers/STM32L4xx_HAL_Driver/Src/stm32l4xx_hal_pwr_ex.o
 .debug_ranges  0x0000000000000500       0x88 ./Drivers/STM32L4xx_HAL_Driver/Src/stm32l4xx_hal_rcc.o
 .debug_ranges  0x0000000000000588      0x1c8 ./Drivers/STM32L4xx_HAL_Driver/Src/stm32l4xx_hal_spi.o

.debug_macro    0x0000000000000000    0x29a32
 .debug_macro   0x0000000000000000      0x39a ./Core/Src/hx8357d.o
 .debug_macro   0x000000000000039a      0xaa8 ./Core/Src/hx8357d.o
 .debug_macro   0x0000000000000e42       0x18 ./Core/Src/hx8357d.o
 .debug_macro   0x0000000000000e5a       0x22 ./Core/Src/hx8357d.o
 .debug_macro   0x0000000000000e7c       0x4c ./Core/Src/hx8357d.o
 .debug_macro   0x0000000000000ec8       0x94 ./Core/Src/hx8357d.o
 .debug_macro   0x0000000000000f5c       0x3c ./Core/Src/hx8357d.o
 .debug_macro   0x0000000000000f98       0x34 ./Core/Src/hx8357d.o
 .debug_macro   0x0000000000000fcc       0x16 ./Core/Src/hx8357d.o
 .debug_macro   0x0000000000000fe2      0x10e ./Core/Src/hx8357d.o
 .debug_macro   0x00000000000010f0       0x8d ./Core/Src/hx8357d.o
 .debug_macro   0x000000000000117d       0x16 ./Core/Src/hx8357d.o
 .debug_macro   0x0000000000001193       0x43 ./Core/Src/hx8357d.o
 .debug_macro   0x00000000000011d6       0x57 ./Core/Src/hx8357d.o
 .debug_macro   0x000000000000122d       0x34 ./Core/Src/hx8357d.o
 .debug_macro   0x0000000000001261       0x10 ./Core/Src/hx8357d.o
 .debug_macro   0x0000000000001271       0x58 ./Core/Src/hx8357d.o
 .debug_macro   0x00000000000012c9       0x71 ./Core/Src/hx8357d.o
 .debug_macro   0x000000000000133a       0x1c ./Core/Src/hx8357d.o
 .debug_macro   0x0000000000001356      0x12a ./Core/Src/hx8357d.o
 .debug_macro   0x0000000000001480      0x339 ./Core/Src/hx8357d.o
 .debug_macro   0x00000000000017b9       0x16 ./Core/Src/hx8357d.o
 .debug_macro   0x00000000000017cf       0x29 ./Core/Src/hx8357d.o
 .debug_macro   0x00000000000017f8       0x1c ./Core/Src/hx8357d.o
 .debug_macro   0x0000000000001814       0x35 ./Core/Src/hx8357d.o
 .debug_macro   0x0000000000001849       0x10 ./Core/Src/hx8357d.o
 .debug_macro   0x0000000000001859       0x10 ./Core/Src/hx8357d.o
 .debug_macro   0x0000000000001869       0x6a ./Core/Src/hx8357d.o
 .debug_macro   0x00000000000018d3       0x1c ./Core/Src/hx8357d.o
 .debug_macro   0x00000000000018ef       0x52 ./Core/Src/hx8357d.o
 .debug_macro   0x0000000000001941       0x22 ./Core/Src/hx8357d.o
 .debug_macro   0x0000000000001963       0x10 ./Core/Src/hx8357d.o
 .debug_macro   0x0000000000001973       0x40 ./Core/Src/hx8357d.o
 .debug_macro   0x00000000000019b3       0xd5 ./Core/Src/hx8357d.o
 .debug_macro   0x0000000000001a88       0x1c ./Core/Src/hx8357d.o
 .debug_macro   0x0000000000001aa4       0x3d ./Core/Src/hx8357d.o
 .debug_macro   0x0000000000001ae1       0x16 ./Core/Src/hx8357d.o
 .debug_macro   0x0000000000001af7      0x145 ./Core/Src/hx8357d.o
 .debug_macro   0x0000000000001c3c      0x1a7 ./Core/Src/hx8357d.o
 .debug_macro   0x0000000000001de3       0x2e ./Core/Src/hx8357d.o
 .debug_macro   0x0000000000001e11       0x28 ./Core/Src/hx8357d.o
 .debug_macro   0x0000000000001e39      0x103 ./Core/Src/hx8357d.o
 .debug_macro   0x0000000000001f3c      0x1df ./Core/Src/hx8357d.o
 .debug_macro   0x000000000000211b       0x1c ./Core/Src/hx8357d.o
 .debug_macro   0x0000000000002137       0x22 ./Core/Src/hx8357d.o
 .debug_macro   0x0000000000002159       0xfb ./Core/Src/hx8357d.o
 .debug_macro   0x0000000000002254     0x1011 ./Core/Src/hx8357d.o
 .debug_macro   0x0000000000003265      0x11f ./Core/Src/hx8357d.o
 .debug_macro   0x0000000000003384    0x1cb71 ./Core/Src/hx8357d.o
 .debug_macro   0x000000000001fef5       0x6d ./Core/Src/hx8357d.o
 .debug_macro   0x000000000001ff62     0x38e9 ./Core/Src/hx8357d.o
 .debug_macro   0x000000000002384b       0x56 ./Core/Src/hx8357d.o
 .debug_macro   0x00000000000238a1     0x1884 ./Core/Src/hx8357d.o
 .debug_macro   0x0000000000025125      0x7dc ./Core/Src/hx8357d.o
 .debug_macro   0x0000000000025901      0x1b9 ./Core/Src/hx8357d.o
 .debug_macro   0x0000000000025aba      0x225 ./Core/Src/hx8357d.o
 .debug_macro   0x0000000000025cdf      0x486 ./Core/Src/hx8357d.o
 .debug_macro   0x0000000000026165      0x1ce ./Core/Src/hx8357d.o
 .debug_macro   0x0000000000026333       0x43 ./Core/Src/hx8357d.o
 .debug_macro   0x0000000000026376      0x23d ./Core/Src/hx8357d.o
 .debug_macro   0x00000000000265b3      0x241 ./Core/Src/hx8357d.o
 .debug_macro   0x00000000000267f4      0x416 ./Core/Src/hx8357d.o
 .debug_macro   0x0000000000026c0a       0x1c ./Core/Src/hx8357d.o
 .debug_macro   0x0000000000026c26       0xf2 ./Core/Src/hx8357d.o
 .debug_macro   0x0000000000026d18      0x22c ./Core/Src/hx8357d.o
 .debug_macro   0x0000000000026f44       0x61 ./Core/Src/hx8357d.o
 .debug_macro   0x0000000000026fa5       0xa5 ./Core/Src/hx8357d.o
 .debug_macro   0x000000000002704a      0x122 ./Core/Src/hx8357d.o
 .debug_macro   0x000000000002716c      0x3f6 ./Core/Src/hx8357d.o
 .debug_macro   0x0000000000027562      0x2fe ./Core/Src/hx8357d.o
 .debug_macro   0x0000000000027860      0x432 ./Core/Src/hx8357d.o
 .debug_macro   0x0000000000027c92       0x16 ./Core/Src/hx8357d.o
 .debug_macro   0x0000000000027ca8       0x20 ./Core/Src/hx8357d.o
 .debug_macro   0x0000000000027cc8      0x130 ./Core/Src/hx8357d.o
 .debug_macro   0x0000000000027df8      0x3aa ./Core/Src/main.o
 .debug_macro   0x00000000000281a2       0x8e ./Core/Src/main.o
 .debug_macro   0x0000000000028230       0x51 ./Core/Src/main.o
 .debug_macro   0x0000000000028281      0x101 ./Core/Src/main.o
 .debug_macro   0x0000000000028382      0x174 ./Core/Src/main.o
 .debug_macro   0x00000000000284f6       0x5c ./Core/Src/main.o
 .debug_macro   0x0000000000028552       0x52 ./Core/Src/main.o
 .debug_macro   0x00000000000285a4      0x333 ./Core/Src/main.o
 .debug_macro   0x00000000000288d7      0x1de ./Core/Src/stm32l4xx_hal_msp.o
 .debug_macro   0x0000000000028ab5      0x1e8 ./Core/Src/stm32l4xx_it.o
 .debug_macro   0x0000000000028c9d      0x1d4 ./Core/Src/system_stm32l4xx.o
 .debug_macro   0x0000000000028e71      0x222 ./Drivers/STM32L4xx_HAL_Driver/Src/stm32l4xx_hal.o
 .debug_macro   0x0000000000029093      0x1d4 ./Drivers/STM32L4xx_HAL_Driver/Src/stm32l4xx_hal_cortex.o
 .debug_macro   0x0000000000029267      0x1db ./Drivers/STM32L4xx_HAL_Driver/Src/stm32l4xx_hal_gpio.o
 .debug_macro   0x0000000000029442      0x1fe ./Drivers/STM32L4xx_HAL_Driver/Src/stm32l4xx_hal_pwr_ex.o
 .debug_macro   0x0000000000029640      0x216 ./Drivers/STM32L4xx_HAL_Driver/Src/stm32l4xx_hal_rcc.o
 .debug_macro   0x0000000000029856      0x1dc ./Drivers/STM32L4xx_HAL_Driver/Src/stm32l4xx_hal_spi.o

.debug_line     0x0000000000000000     0x8c45
 .debug_line    0x0000000000000000      0xae0 ./Core/Src/hx8357d.o
 .debug_line    0x0000000000000ae0      0xbc4 ./Core/Src/main.o
 .debug_line    0x00000000000016a4      0x72c ./Core/Src/stm32l4xx_hal_msp.o
 .debug_line    0x0000000000001dd0      0x7a2 ./Core/Src/stm32l4xx_it.o
 .debug_line    0x0000000000002572      0x775 ./Core/Src/system_stm32l4xx.o
 .debug_line    0x0000000000002ce7       0x89 ./Core/Startup/startup_stm32l4r5zitxp.o
 .debug_line    0x0000000000002d70      0xacf ./Drivers/STM32L4xx_HAL_Driver/Src/stm32l4xx_hal.o
 .debug_line    0x000000000000383f      0xc76 ./Drivers/STM32L4xx_HAL_Driver/Src/stm32l4xx_hal_cortex.o
 .debug_line    0x00000000000044b5      0xb2b ./Drivers/STM32L4xx_HAL_Driver/Src/stm32l4xx_hal_gpio.o
 .debug_line    0x0000000000004fe0      0xd30 ./Drivers/STM32L4xx_HAL_Driver/Src/stm32l4xx_hal_pwr_ex.o
 .debug_line    0x0000000000005d10     0x102c ./Drivers/STM32L4xx_HAL_Driver/Src/stm32l4xx_hal_rcc.o
 .debug_line    0x0000000000006d3c     0x1f09 ./Drivers/STM32L4xx_HAL_Driver/Src/stm32l4xx_hal_spi.o

.debug_str      0x0000000000000000    0xfb0e0
 .debug_str     0x0000000000000000    0xf8d30 ./Core/Src/hx8357d.o
                                      0xf90d1 (size before relaxing)
 .debug_str     0x00000000000f8d30      0x3a2 ./Core/Src/main.o
                                      0xf92c8 (size before relaxing)
 .debug_str     0x00000000000f90d2       0x53 ./Core/Src/stm32l4xx_hal_msp.o
                                      0xf4ae2 (size before relaxing)
 .debug_str     0x00000000000f9125       0xbd ./Core/Src/stm32l4xx_it.o
                                      0xf44d5 (size before relaxing)
 .debug_str     0x00000000000f91e2       0xb8 ./Core/Src/system_stm32l4xx.o
                                      0xf462e (size before relaxing)
 .debug_str     0x00000000000f929a       0x37 ./Core/Startup/startup_stm32l4r5zitxp.o
                                         0x80 (size before relaxing)
 .debug_str     0x00000000000f92d1      0xa0d ./Drivers/STM32L4xx_HAL_Driver/Src/stm32l4xx_hal.o
                                      0xf516a (size before relaxing)
 .debug_str     0x00000000000f9cde      0x389 ./Drivers/STM32L4xx_HAL_Driver/Src/stm32l4xx_hal_cortex.o
                                      0xf4eb5 (size before relaxing)
 .debug_str     0x00000000000fa067      0x166 ./Drivers/STM32L4xx_HAL_Driver/Src/stm32l4xx_hal_gpio.o
                                      0xf47f4 (size before relaxing)
 .debug_str     0x00000000000fa1cd      0x581 ./Drivers/STM32L4xx_HAL_Driver/Src/stm32l4xx_hal_pwr_ex.o
                                      0xf4c17 (size before relaxing)
 .debug_str     0x00000000000fa74e      0x3f8 ./Drivers/STM32L4xx_HAL_Driver/Src/stm32l4xx_hal_rcc.o
                                      0xf4c55 (size before relaxing)
 .debug_str     0x00000000000fab46      0x59a ./Drivers/STM32L4xx_HAL_Driver/Src/stm32l4xx_hal_spi.o
                                      0xf4ee2 (size before relaxing)

.comment        0x0000000000000000       0x53
 .comment       0x0000000000000000       0x53 ./Core/Src/hx8357d.o
                                         0x54 (size before relaxing)
 .comment       0x0000000000000053       0x54 ./Core/Src/main.o
 .comment       0x0000000000000053       0x54 ./Core/Src/stm32l4xx_hal_msp.o
 .comment       0x0000000000000053       0x54 ./Core/Src/stm32l4xx_it.o
 .comment       0x0000000000000053       0x54 ./Core/Src/system_stm32l4xx.o
 .comment       0x0000000000000053       0x54 ./Drivers/STM32L4xx_HAL_Driver/Src/stm32l4xx_hal.o
 .comment       0x0000000000000053       0x54 ./Drivers/STM32L4xx_HAL_Driver/Src/stm32l4xx_hal_cortex.o
 .comment       0x0000000000000053       0x54 ./Drivers/STM32L4xx_HAL_Driver/Src/stm32l4xx_hal_gpio.o
 .comment       0x0000000000000053       0x54 ./Drivers/STM32L4xx_HAL_Driver/Src/stm32l4xx_hal_pwr_ex.o
 .comment       0x0000000000000053       0x54 ./Drivers/STM32L4xx_HAL_Driver/Src/stm32l4xx_hal_rcc.o
 .comment       0x0000000000000053       0x54 ./Drivers/STM32L4xx_HAL_Driver/Src/stm32l4xx_hal_spi.o

.debug_frame    0x0000000000000000     0x1f70
 .debug_frame   0x0000000000000000      0x184 ./Core/Src/hx8357d.o
 .debug_frame   0x0000000000000184       0xb4 ./Core/Src/main.o
 .debug_frame   0x0000000000000238       0x80 ./Core/Src/stm32l4xx_hal_msp.o
 .debug_frame   0x00000000000002b8      0x104 ./Core/Src/stm32l4xx_it.o
 .debug_frame   0x00000000000003bc       0x58 ./Core/Src/system_stm32l4xx.o
 .debug_frame   0x0000000000000414      0x498 ./Drivers/STM32L4xx_HAL_Driver/Src/stm32l4xx_hal.o
 .debug_frame   0x00000000000008ac      0x498 ./Drivers/STM32L4xx_HAL_Driver/Src/stm32l4xx_hal_cortex.o
 .debug_frame   0x0000000000000d44      0x14c ./Drivers/STM32L4xx_HAL_Driver/Src/stm32l4xx_hal_gpio.o
 .debug_frame   0x0000000000000e90      0x5c4 ./Drivers/STM32L4xx_HAL_Driver/Src/stm32l4xx_hal_pwr_ex.o
 .debug_frame   0x0000000000001454      0x248 ./Drivers/STM32L4xx_HAL_Driver/Src/stm32l4xx_hal_rcc.o
 .debug_frame   0x000000000000169c      0x860 ./Drivers/STM32L4xx_HAL_Driver/Src/stm32l4xx_hal_spi.o
 .debug_frame   0x0000000000001efc       0x2c c:/st/stm32cubeide_1.8.0/stm32cubeide/plugins/com.st.stm32cube.ide.mcu.externaltools.gnu-tools-for-stm32.9-2020-q2-update.win32_2.0.0.202105311346/tools/bin/../lib/gcc/arm-none-eabi/9.3.1/../../../../arm-none-eabi/lib/thumb/v7e-m+fp/hard\libc_nano.a(lib_a-init.o)
 .debug_frame   0x0000000000001f28       0x28 c:/st/stm32cubeide_1.8.0/stm32cubeide/plugins/com.st.stm32cube.ide.mcu.externaltools.gnu-tools-for-stm32.9-2020-q2-update.win32_2.0.0.202105311346/tools/bin/../lib/gcc/arm-none-eabi/9.3.1/../../../../arm-none-eabi/lib/thumb/v7e-m+fp/hard\libc_nano.a(lib_a-memcpy-stub.o)
 .debug_frame   0x0000000000001f50       0x20 c:/st/stm32cubeide_1.8.0/stm32cubeide/plugins/com.st.stm32cube.ide.mcu.externaltools.gnu-tools-for-stm32.9-2020-q2-update.win32_2.0.0.202105311346/tools/bin/../lib/gcc/arm-none-eabi/9.3.1/../../../../arm-none-eabi/lib/thumb/v7e-m+fp/hard\libc_nano.a(lib_a-memset.o)
